// Jest Snapshot v1, https://goo.gl/fbAQLP

exports[`GameHeading Should match the snapshot 1`] = `
<Fragment>
  <styled.div>
    Click the Fox! Game
  </styled.div>
</Fragment>
`;
